// Jest Snapshot v1, https://goo.gl/fbAQLP

exports[`renders Calculator page correctly 1`] = `
<div
  className="calculatorContainer"
>
  <h2>
    Letâ€™s do some math!
  </h2>
  <div
    className="calculatorDiv"
  >
    <div
      className="display"
    >
      0
    </div>
    <div
      className="row"
    >
       
      <button
        className="button"
        onClick={[Function]}
        type="button"
        value="AC"
      >
        AC
         
      </button>
      <button
        className="button"
        onClick={[Function]}
        type="button"
        value="+/-"
      >
        +/-
         
      </button>
      <button
        className="button"
        onClick={[Function]}
        type="button"
        value="%"
      >
        %
         
      </button>
      <button
        className="orange"
        onClick={[Function]}
        type="button"
        value="/"
      >
        /
         
      </button>
       
    </div>
    <div
      className="row"
    >
       
      <button
        className="button"
        onClick={[Function]}
        type="button"
        value="7"
      >
        7
         
      </button>
      <button
        className="button"
        onClick={[Function]}
        type="button"
        value="8"
      >
        8
         
      </button>
      <button
        className="button"
        onClick={[Function]}
        type="button"
        value="9"
      >
        9
         
      </button>
      <button
        className="orange"
        onClick={[Function]}
        type="button"
        value="*"
      >
        *
         
      </button>
       
    </div>
    <div
      className="row"
    >
       
      <button
        className="button"
        onClick={[Function]}
        type="button"
        value="4"
      >
        4
         
      </button>
      <button
        className="button"
        onClick={[Function]}
        type="button"
        value="5"
      >
        5
         
      </button>
      <button
        className="button"
        onClick={[Function]}
        type="button"
        value="6"
      >
        6
         
      </button>
      <button
        className="orange"
        onClick={[Function]}
        type="button"
        value="-"
      >
        -
         
      </button>
       
    </div>
    <div
      className="row"
    >
       
      <button
        className="button"
        onClick={[Function]}
        type="button"
        value="1"
      >
        1
         
      </button>
      <button
        className="button"
        onClick={[Function]}
        type="button"
        value="2"
      >
        2
         
      </button>
      <button
        className="button"
        onClick={[Function]}
        type="button"
        value="3"
      >
        3
         
      </button>
      <button
        className="orange"
        onClick={[Function]}
        type="button"
        value="+"
      >
        +
         
      </button>
       
    </div>
    <div
      className="row"
    >
       
      <button
        className="double"
        onClick={[Function]}
        type="button"
        value="0"
      >
        0
         
      </button>
      <button
        className="button"
        onClick={[Function]}
        type="button"
        value="."
      >
        .
         
      </button>
      <button
        className="orange"
        onClick={[Function]}
        type="button"
        value="="
      >
        =
         
      </button>
       
    </div>
  </div>
</div>
`;
